2025-06-02 08:52:59,337 - __main__ - INFO - Using API URL: https://2d3894aa-c3e1-4317-80ed-76eb335adc46.preview.emergentagent.com/api

================================================================================
      LIVE DEMONSTRATION: Enhanced FBref Analytics Pro End-to-End Workflow      
================================================================================


================================================================================
                       PART 1: START REAL DATA COLLECTION                       
================================================================================

Initiating a single season scraping for 2024-25...
✅ Scraping started successfully with status ID: babd2d86-cb21-419b-abe0-12dc853b3472

================================================================================
                          PART 2: TRACK LIVE PROGRESS                           
================================================================================

Monitoring scraping progress...
